// Jest Snapshot v1, https://goo.gl/fbAQLP

exports[`atoms/Snackbar Snackbar should render 1`] = `
<div>
  <span
    class="warningIcon"
  >
    <div
      style="display: block; align-items: center; justify-content: center; width: 24px; height: 24px;"
      transition="[object Object]"
    >
      <svg
        aria-label="warningIcon"
        class="h-5 w-5"
        fill="currentColor"
        height="24"
        viewBox="0 0 20 20"
        width="24"
        xmlns="http://www.w3.org/2000/svg"
      >
        <path
          clip-rule="evenodd"
          d="M8.257 3.099c.765-1.36 2.722-1.36 3.486 0l5.58 9.92c.75 1.334-.213 2.98-1.742 2.98H4.42c-1.53 0-2.493-1.646-1.743-2.98l5.58-9.92zM11 13a1 1 0 11-2 0 1 1 0 012 0zm-1-8a1 1 0 00-1 1v3a1 1 0 002 0V6a1 1 0 00-1-1z"
          fill="currentColor"
          fill-rule="evenodd"
        />
      </svg>
    </div>
  </span>
  <span
    class="text"
  >
    I am snackbar message
  </span>
  <div>
    <button
      area-label="cancel"
      class="iconButton"
      variants="[object Object]"
    >
      <svg
        animate="enter"
        aria-label="cancel"
        class="h-6 w-6"
        exit="exit"
        fill="none"
        height="24"
        initial="exit"
        stroke="currentColor"
        stroke-width="2"
        variants="[object Object]"
        viewBox="0 0 24 24"
        width="24"
        xmlns="http://www.w3.org/2000/svg"
      >
        <path
          d="M6 18L18 6M6 12"
          stroke-linecap="round"
          stroke-linejoin="round"
          variants="[object Object]"
        />
        <path
          d="M6 6M6 6l12 12"
          stroke-linecap="round"
          stroke-linejoin="round"
          variants="[object Object]"
        />
      </svg>
    </button>
  </div>
</div>
`;
