// Jest Snapshot v1, https://goo.gl/fbAQLP

exports[`molecules/BalanceValue BalanceValue should render 1`] = `
<div>
  <strong
    class="balanceValue"
  >
    <span>
      14
    </span>
     â‚¬
  </strong>
</div>
`;
