// Jest Snapshot v1, https://goo.gl/fbAQLP

exports[`atoms/Title Title should render 1`] = `
<div>
  <h3
    class="title"
  >
    My title
  </h3>
</div>
`;
